   Compiling model v0.1.0 (/private/tmp/serein-camera-formats/crates/model)
   Compiling wry v0.57.0 (/private/tmp/serein-camera-formats/vendor/wry)
   Compiling discord-voice v0.1.0 (/private/tmp/serein-camera-formats/crates/discord-voice)
   Compiling objc2-av-foundation v0.3.2
warning: unexpected `cfg` condition name: `macos_12_unavailable`
   --> vendor/wry/src/wkwebview/class/wry_web_view_ui_delegate.rs:129:13
    |
129 |         #[cfg(not(macos_12_unavailable))]
    |                   ^^^^^^^^^^^^^^^^^^^^
    |
    = help: expected names are: `docsrs`, `feature`, `gtk`, `linux`, and `test` and 32 more
    = help: consider using a Cargo feature instead
    = help: or consider adding in `Cargo.toml` the `check-cfg` lint config for the lint:
             [lints.rust]
             unexpected_cfgs = { level = "warn", check-cfg = ['cfg(macos_12_unavailable)'] }
    = help: or consider adding `println!("cargo::rustc-check-cfg=cfg(macos_12_unavailable)");` to the top of the `build.rs`
    = note: see <https://doc.rust-lang.org/nightly/rustc/check-cfg/cargo-specifics.html> for more information about checking conditional configuration
    = note: requested on the command line with `-W unexpected-cfgs`

warning: use of deprecated static `objc2_app_kit::NSFilenamesPboardType`: Create multiple pasteboard items with NSPasteboardTypeFileURL or kUTTypeFileURL instead
  --> vendor/wry/src/wkwebview/drag_drop.rs:11:54
   |
11 | use objc2_app_kit::{NSDragOperation, NSDraggingInfo, NSFilenamesPboardType};
   |                                                      ^^^^^^^^^^^^^^^^^^^^^
   |
   = note: `#[warn(deprecated)]` on by default

warning: use of deprecated static `objc2_app_kit::NSFilenamesPboardType`: Create multiple pasteboard items with NSPasteboardTypeFileURL or kUTTypeFileURL instead
  --> vendor/wry/src/wkwebview/drag_drop.rs:21:39
   |
21 |     let types = NSArray::arrayWithObject(NSFilenamesPboardType);
   |                                          ^^^^^^^^^^^^^^^^^^^^^

warning: use of deprecated static `objc2_app_kit::NSFilenamesPboardType`: Create multiple pasteboard items with NSPasteboardTypeFileURL or kUTTypeFileURL instead
  --> vendor/wry/src/wkwebview/drag_drop.rs:24:38
   |
24 |         let paths = pb.propertyListForType(NSFilenamesPboardType).unwrap();
   |                                            ^^^^^^^^^^^^^^^^^^^^^

warning: use of deprecated static `objc2_app_kit::NSAlternateKeyMask`
 --> vendor/wry/src/wkwebview/synthetic_mouse_events.rs:2:2
  |
2 |     NSAlternateKeyMask, NSCommandKeyMask, NSControlKeyMask, NSEvent, NSEventType, NSShiftKeyMask,
  |     ^^^^^^^^^^^^^^^^^^

warning: use of deprecated static `objc2_app_kit::NSCommandKeyMask`
 --> vendor/wry/src/wkwebview/synthetic_mouse_events.rs:2:22
  |
2 |     NSAlternateKeyMask, NSCommandKeyMask, NSControlKeyMask, NSEvent, NSEventType, NSShiftKeyMask,
  |                         ^^^^^^^^^^^^^^^^

warning: use of deprecated static `objc2_app_kit::NSControlKeyMask`
 --> vendor/wry/src/wkwebview/synthetic_mouse_events.rs:2:40
  |
2 |     NSAlternateKeyMask, NSCommandKeyMask, NSControlKeyMask, NSEvent, NSEventType, NSShiftKeyMask,
  |                                           ^^^^^^^^^^^^^^^^

warning: use of deprecated static `objc2_app_kit::NSShiftKeyMask`
 --> vendor/wry/src/wkwebview/synthetic_mouse_events.rs:2:80
  |
2 |     NSAlternateKeyMask, NSCommandKeyMask, NSControlKeyMask, NSEvent, NSEventType, NSShiftKeyMask,
  |                                                                                   ^^^^^^^^^^^^^^

warning: use of deprecated static `objc2_app_kit::NSControlKeyMask`
   --> vendor/wry/src/wkwebview/synthetic_mouse_events.rs:116:34
    |
116 |         ctrl_key = mods_flags.contains(NSControlKeyMask),
    |                                        ^^^^^^^^^^^^^^^^

warning: use of deprecated static `objc2_app_kit::NSAlternateKeyMask`
   --> vendor/wry/src/wkwebview/synthetic_mouse_events.rs:117:33
    |
117 |         alt_key = mods_flags.contains(NSAlternateKeyMask),
    |                                       ^^^^^^^^^^^^^^^^^^

warning: use of deprecated static `objc2_app_kit::NSShiftKeyMask`
   --> vendor/wry/src/wkwebview/synthetic_mouse_events.rs:118:35
    |
118 |         shift_key = mods_flags.contains(NSShiftKeyMask),
    |                                         ^^^^^^^^^^^^^^

warning: use of deprecated static `objc2_app_kit::NSCommandKeyMask`
   --> vendor/wry/src/wkwebview/synthetic_mouse_events.rs:119:34
    |
119 |         meta_key = mods_flags.contains(NSCommandKeyMask),
    |                                        ^^^^^^^^^^^^^^^^

warning: unnecessary `unsafe` block
  --> vendor/wry/src/wkwebview/drag_drop.rs:40:20
   |
40 |     let dl: NSPoint = unsafe { drag_info.draggingLocation() };
   |                       ^^^^^^ unnecessary `unsafe` block
   |
   = note: `#[warn(unused_unsafe)]` (part of `#[warn(unused)]`) on by default

warning: unnecessary `unsafe` block
  --> vendor/wry/src/wkwebview/drag_drop.rs:57:20
   |
57 |     let dl: NSPoint = unsafe { drag_info.draggingLocation() };
   |                       ^^^^^^ unnecessary `unsafe` block

warning: unnecessary `unsafe` block
  --> vendor/wry/src/wkwebview/drag_drop.rs:85:20
   |
85 |     let dl: NSPoint = unsafe { drag_info.draggingLocation() };
   |                       ^^^^^^ unnecessary `unsafe` block

warning: unnecessary `unsafe` block
  --> vendor/wry/src/wkwebview/class/wry_web_view_parent.rs:33:4
   |
33 |             unsafe {
   |             ^^^^^^ unnecessary `unsafe` block

warning: unnecessary `unsafe` block
  --> vendor/wry/src/wkwebview/class/wry_web_view_ui_delegate.rs:43:3
   |
43 |         unsafe {
   |         ^^^^^^ unnecessary `unsafe` block

   Compiling session-cache v0.1.0 (/private/tmp/serein-camera-formats/crates/session-cache)
warning: `wry` (lib) generated 17 warnings
   Compiling client-core v0.1.0 (/private/tmp/serein-camera-formats/crates/client-core)
   Compiling platform v0.1.0 (/private/tmp/serein-camera-formats/crates/platform)
    Finished `test` profile [unoptimized + debuginfo] target(s) in 22.68s
     Running unittests src/lib.rs (/Users/claw/Code/Serein/target/debug/deps/discord_voice-3fa5009826b77be0)

running 3 tests
test camera::format::tests::native_modes_follow_stream_dimensions_then_actual_frame_rate ... ok
test camera::tests::camera_rejects_unbounded_or_nul_device_ids_before_starting_worker ... ok
test camera::tests::camera_frames_are_bounded_independently_decodable_and_stop_is_immediate ... ok

test result: ok. 3 passed; 0 failed; 0 ignored; 0 measured; 56 filtered out; finished in 0.59s

